// Jest Snapshot v1, https://goo.gl/fbAQLP

exports[`[Mocked body] Cast visitor webhook with sample request body 1`] = `
Object {
  "bot": Object {
    "result": "bad",
    "type": "selenium",
  },
  "browserDetails": Object {
    "browserFullVersion": "73.0.3683.86",
    "browserMajorVersion": "73",
    "browserName": "Chrome",
    "device": "Other",
    "os": "Mac OS X",
    "osVersion": "10.14.3",
    "userAgent": "(Macintosh; Intel Mac OS X 10_14_3) Chrome/73.0.3683.86",
  },
  "clientReferrer": "https://google.com?search=banking+services",
  "clonedApp": Object {
    "result": false,
  },
  "confidence": Object {
    "score": 0.97,
  },
  "emulator": Object {
    "result": false,
  },
  "factoryReset": Object {
    "time": "1970-01-01T00:00:00Z",
    "timestamp": 0,
  },
  "firstSeenAt": Object {
    "global": "2022-03-16T11:26:45.362Z",
    "subscription": "2022-03-16T11:31:01.101Z",
  },
  "frida": Object {
    "result": false,
  },
  "incognito": false,
  "ip": "216.3.128.12",
  "ipBlocklist": Object {
    "details": Object {
      "attackSource": false,
      "emailSpam": false,
    },
    "result": false,
  },
  "ipInfo": Object {
    "v4": Object {
      "address": "94.142.239.124",
      "asn": Object {
        "asn": "7922",
        "name": "COMCAST-7922",
        "network": "73.136.0.0/13",
      },
      "dataCenter": Object {
        "name": "DediPath",
        "result": true,
      },
      "geolocation": Object {
        "accuracyRadius": 20,
        "city": Object {
          "name": "Prague",
        },
        "continent": Object {
          "code": "EU",
          "name": "Europe",
        },
        "country": Object {
          "code": "CZ",
          "name": "Czechia",
        },
        "latitude": 50.05,
        "longitude": 14.4,
        "postalCode": "150 00",
        "subdivisions": Array [
          Object {
            "isoCode": "10",
            "name": "Hlavni mesto Praha",
          },
        ],
        "timezone": "Europe/Prague",
      },
    },
  },
  "ipLocation": Object {
    "accuracyRadius": 1,
    "city": Object {
      "name": "Bolingbrook",
    },
    "continent": Object {
      "code": "NA",
      "name": "North America",
    },
    "country": Object {
      "code": "US",
      "name": "United States",
    },
    "latitude": 41.12933,
    "longitude": -88.9954,
    "postalCode": "60547",
    "subdivisions": Array [
      Object {
        "isoCode": "IL",
        "name": "Illinois",
      },
    ],
    "timezone": "America/Chicago",
  },
  "jailbroken": Object {
    "result": false,
  },
  "lastSeenAt": Object {
    "global": "2022-03-16T11:28:34.023Z",
    "subscription": null,
  },
  "linkedId": "any-string",
  "privacySettings": Object {
    "result": false,
  },
  "proxy": Object {
    "result": false,
  },
  "rawDeviceAttributes": Object {
    "architecture": Object {
      "value": 127,
    },
    "audio": Object {
      "value": 35.73832903057337,
    },
    "canvas": Object {
      "value": Object {
        "Geometry": "4dce9d6017c3e0c052a77252f29f2b1c",
        "Text": "dd2474a56ff78c1de3e7a07070ba3b7d",
        "Winding": true,
      },
    },
    "colorDepth": Object {
      "value": 30,
    },
    "colorGamut": Object {
      "value": "srgb",
    },
    "contrast": Object {
      "value": 0,
    },
    "cookiesEnabled": Object {
      "value": true,
    },
  },
  "requestId": "Px6VxbRC6WBkA39yeNH3",
  "rootApps": Object {
    "result": false,
  },
  "tag": Object {
    "requestType": "signup",
    "yourCustomId": 45321,
  },
  "tampering": Object {
    "anomalyScore": 0,
    "result": false,
  },
  "time": "2019-10-12T07:20:50.52Z",
  "timestamp": 1554910997788,
  "tor": Object {
    "result": false,
  },
  "url": "https://banking.example.com/signup",
  "userAgent": "(Macintosh; Intel Mac OS X 10_14_3) Chrome/73.0.3683.86",
  "virtualMachine": Object {
    "result": false,
  },
  "visitorFound": true,
  "visitorId": "3HNey93AkBW6CRbxV6xP",
  "vpn": Object {
    "methods": Object {
      "auxiliaryMobile": false,
      "publicVPN": false,
      "timezoneMismatch": false,
    },
    "result": false,
  },
}
`;
