// Jest Snapshot v1, https://goo.gl/fbAQLP

exports[`[Mocked response] Get related Visitors without filter 1`] = `
{
  "relatedVisitors": [
    {
      "visitorId": "NtCUJGceWX9RpvSbhvOm",
    },
    {
      "visitorId": "25ee02iZwGxeyT0jMNkZ",
    },
  ],
}
`;
